Component: ARM Compiler 5.06 update 7 (build 960) Tool: armlink [4d3601]

==============================================================================

Section Cross References

    main.o(i.main) refers to wdt_a.o(i.WDT_A_holdTimer) for WDT_A_holdTimer
    main.o(i.main) refers to gpio.o(i.GPIO_setAsOutputPin) for GPIO_setAsOutputPin
    main.o(i.main) refers to gpio.o(i.GPIO_toggleOutputOnPin) for GPIO_toggleOutputOnPin
    main.o(i.main) refers to thread.o(i.rt_thread_delay) for rt_thread_delay
    board.o(i.SysTick_Handler) refers to irq.o(i.rt_interrupt_enter) for rt_interrupt_enter
    board.o(i.SysTick_Handler) refers to clock.o(i.rt_tick_increase) for rt_tick_increase
    board.o(i.SysTick_Handler) refers to irq.o(i.rt_interrupt_leave) for rt_interrupt_leave
    board.o(i.SystemClock_init) refers to gpio.o(i.GPIO_setAsPeripheralModuleFunctionOutputPin) for GPIO_setAsPeripheralModuleFunctionOutputPin
    board.o(i.SystemClock_init) refers to cs.o(i.CS_setExternalClockSourceFrequency) for CS_setExternalClockSourceFrequency
    board.o(i.SystemClock_init) refers to pcm.o(i.PCM_setCoreVoltageLevel) for PCM_setCoreVoltageLevel
    board.o(i.SystemClock_init) refers to flash.o(i.FlashCtl_setWaitState) for FlashCtl_setWaitState
    board.o(i.SystemClock_init) refers to cs.o(i.CS_startHFXT) for CS_startHFXT
    board.o(i.SystemClock_init) refers to cs.o(i.CS_initClockSignal) for CS_initClockSignal
    board.o(i._SysTick_Config) refers to systick.o(i.SysTick_enableModule) for SysTick_enableModule
    board.o(i._SysTick_Config) refers to systick.o(i.SysTick_setPeriod) for SysTick_setPeriod
    board.o(i._SysTick_Config) refers to systick.o(i.SysTick_enableInterrupt) for SysTick_enableInterrupt
    board.o(i._SysTick_Config) refers to interrupt.o(i.Interrupt_enableMaster) for Interrupt_enableMaster
    board.o(i.rt_hw_board_init) refers to board.o(i.SystemClock_init) for SystemClock_init
    board.o(i.rt_hw_board_init) refers to board.o(i._SysTick_Config) for _SysTick_Config
    board.o(i.rt_hw_board_init) refers to board.o(i.uart_init) for uart_init
    board.o(i.rt_hw_board_init) refers to components.o(i.rt_components_board_init) for rt_components_board_init
    board.o(i.uart_init) refers to rt_memcpy_w.o(.text) for __aeabi_memcpy4
    board.o(i.uart_init) refers to gpio.o(i.GPIO_setAsPeripheralModuleFunctionInputPin) for GPIO_setAsPeripheralModuleFunctionInputPin
    board.o(i.uart_init) refers to uart.o(i.UART_initModule) for UART_initModule
    board.o(i.uart_init) refers to uart.o(i.UART_enableModule) for UART_enableModule
    board.o(i.uart_init) refers to board.o(.constdata) for .constdata
    context_rvds.o(.text) refers to cpuport.o(i.rt_hw_hard_fault_exception) for rt_hw_hard_fault_exception
    context_rvds.o(.text) refers to cpuport.o(.data) for rt_thread_switch_interrupt_flag
    cpuport.o(i.bus_fault_track) refers to kservice.o(i.rt_kprintf) for rt_kprintf
    cpuport.o(i.hard_fault_track) refers to kservice.o(i.rt_kprintf) for rt_kprintf
    cpuport.o(i.hard_fault_track) refers to cpuport.o(i.bus_fault_track) for bus_fault_track
    cpuport.o(i.hard_fault_track) refers to cpuport.o(i.mem_manage_fault_track) for mem_manage_fault_track
    cpuport.o(i.hard_fault_track) refers to cpuport.o(i.usage_fault_track) for usage_fault_track
    cpuport.o(i.mem_manage_fault_track) refers to kservice.o(i.rt_kprintf) for rt_kprintf
    cpuport.o(i.rt_hw_cpu_shutdown) refers to kservice.o(i.rt_kprintf) for rt_kprintf
    cpuport.o(i.rt_hw_exception_install) refers to cpuport.o(.data) for rt_exception_hook
    cpuport.o(i.rt_hw_hard_fault_exception) refers to kservice.o(i.rt_kprintf) for rt_kprintf
    cpuport.o(i.rt_hw_hard_fault_exception) refers to thread.o(i.rt_thread_self) for rt_thread_self
    cpuport.o(i.rt_hw_hard_fault_exception) refers to cmd.o(i.list_thread) for list_thread
    cpuport.o(i.rt_hw_hard_fault_exception) refers to cpuport.o(i.hard_fault_track) for hard_fault_track
    cpuport.o(i.rt_hw_hard_fault_exception) refers to cpuport.o(.data) for rt_exception_hook
    cpuport.o(i.usage_fault_track) refers to kservice.o(i.rt_kprintf) for rt_kprintf
    clock.o(i.rt_tick_get) refers to clock.o(.data) for rt_tick
    clock.o(i.rt_tick_increase) refers to thread.o(i.rt_thread_self) for rt_thread_self
    clock.o(i.rt_tick_increase) refers to thread.o(i.rt_thread_yield) for rt_thread_yield
    clock.o(i.rt_tick_increase) refers to timer.o(i.rt_timer_check) for rt_timer_check
    clock.o(i.rt_tick_increase) refers to clock.o(.data) for rt_tick
    clock.o(i.rt_tick_set) refers to context_rvds.o(.text) for rt_hw_interrupt_disable
    clock.o(i.rt_tick_set) refers to clock.o(.data) for rt_tick
    components.o(i.$Sub$$main) refers to components.o(i.rtthread_startup) for rtthread_startup
    components.o(i.main_thread_entry) refers to components.o(i.rt_components_init) for rt_components_init
[...]
    i.SysTick_enableModule                   0x00000ab6   Section        0  systick.o(i.SysTick_enableModule)
    i.SysTick_setPeriod                      0x00000ac4   Section        0  systick.o(i.SysTick_setPeriod)
    i.SystemClock_init                       0x00000ad0   Section        0  board.o(i.SystemClock_init)
    SystemClock_init                         0x00000ad1   Thumb Code    74  board.o(i.SystemClock_init)
    i.SystemInit                             0x00000b20   Section        0  system_msp432p401r.o(i.SystemInit)
    i.UART_enableModule                      0x00000b8c   Section        0  uart.o(i.UART_enableModule)
    i.UART_getInterruptStatus                0x00000b98   Section        0  uart.o(i.UART_getInterruptStatus)
    i.UART_initModule                        0x00000b9e   Section        0  uart.o(i.UART_initModule)
    i.UART_receiveData                       0x00000c26   Section        0  uart.o(i.UART_receiveData)
    i.UART_transmitData                      0x00000c40   Section        0  uart.o(i.UART_transmitData)
    i.WDT_A_holdTimer                        0x00000c58   Section        0  wdt_a.o(i.WDT_A_holdTimer)
    i._SysTick_Config                        0x00000c70   Section        0  board.o(i._SysTick_Config)
    _SysTick_Config                          0x00000c71   Thumb Code    38  board.o(i._SysTick_Config)
    i.__PCM_setCoreVoltageLevelAdvanced      0x00000c98   Section        0  pcm.o(i.__PCM_setCoreVoltageLevelAdvanced)
    __PCM_setCoreVoltageLevelAdvanced        0x00000c99   Thumb Code   242  pcm.o(i.__PCM_setCoreVoltageLevelAdvanced)
    i.__PCM_setPowerModeAdvanced             0x00000d98   Section        0  pcm.o(i.__PCM_setPowerModeAdvanced)
    __PCM_setPowerModeAdvanced               0x00000d99   Thumb Code   200  pcm.o(i.__PCM_setPowerModeAdvanced)
    i.__rt_ffs                               0x00000e7c   Section        0  kservice.o(i.__rt_ffs)
    i._msh_exec_cmd                          0x00000ec8   Section        0  msh.o(i._msh_exec_cmd)
    _msh_exec_cmd                            0x00000ec9   Thumb Code   106  msh.o(i._msh_exec_cmd)
    i._rt_thread_init                        0x00000f34   Section        0  thread.o(i._rt_thread_init)
    _rt_thread_init                          0x00000f35   Thumb Code   124  thread.o(i._rt_thread_init)
    i._rt_timer_init                         0x00000fb8   Section        0  timer.o(i._rt_timer_init)
    _rt_timer_init                           0x00000fb9   Thumb Code    66  timer.o(i._rt_timer_init)
    i._rt_timer_remove                       0x00000ffa   Section        0  timer.o(i._rt_timer_remove)
    _rt_timer_remove                         0x00000ffb   Thumb Code    28  timer.o(i._rt_timer_remove)
    i._thread_cleanup_execute                0x00001016   Section        0  thread.o(i._thread_cleanup_execute)
    _thread_cleanup_execute                  0x00001017   Thumb Code    28  thread.o(i._thread_cleanup_execute)
    i.bus_fault_track                        0x00001034   Section        0  cpuport.o(i.bus_fault_track)
    bus_fault_track                          0x00001035   Thumb Code   130  cpuport.o(i.bus_fault_track)
    i.cmd_ps                                 0x00001130   Section        0  msh.o(i.cmd_ps)
    i.finsh_get_prompt                       0x00001140   Section        0  shell.o(i.finsh_get_prompt)
    i.finsh_getchar                          0x000011b4   Section        0  shell.o(i.finsh_getchar)
    finsh_getchar                            0x000011b5   Thumb Code     8  shell.o(i.finsh_getchar)
    i.finsh_set_prompt_mode                  0x000011bc   Section        0  shell.o(i.finsh_set_prompt_mode)
    i.finsh_system_function_init             0x000011d8   Section        0  shell.o(i.finsh_system_function_init)
    i.finsh_system_init                      0x000011ec   Section        0  shell.o(i.finsh_system_init)
    i.finsh_thread_entry                     0x00001270   Section        0  shell.o(i.finsh_thread_entry)
    i.hard_fault_track                       0x00001638   Section        0  cpuport.o(i.hard_fault_track)
    hard_fault_track                         0x00001639   Thumb Code    82  cpuport.o(i.hard_fault_track)
    i.hello                                  0x000016b8   Section        0  cmd.o(i.hello)
    i.list                                   0x000016d8   Section        0  cmd.o(i.list)
    i.list_find_init                         0x00001740   Section        0  cmd.o(i.list_find_init)
    list_find_init                           0x00001741   Thumb Code    42  cmd.o(i.list_find_init)
    i.list_get_next                          0x0000176a   Section        0  cmd.o(i.list_get_next)
    list_get_next                            0x0000176b   Thumb Code   136  cmd.o(i.list_get_next)
    i.list_mailbox                           0x000017f4   Section        0  cmd.o(i.list_mailbox)
    i.list_sem                               0x00001950   Section        0  cmd.o(i.list_sem)
    i.list_thread                            0x00001a88   Section        0  cmd.o(i.list_thread)
    i.list_timer                             0x00001c6c   Section        0  cmd.o(i.list_timer)
    i.main                                   0x00001dcc   Section        0  main.o(i.main)
    i.main_thread_entry                      0x00001e00   Section        0  components.o(i.main_thread_entry)
    i.mem_manage_fault_track                 0x00001e10   Section        0  cpuport.o(i.mem_manage_fault_track)
    mem_manage_fault_track                   0x00001e11   Thumb Code   114  cpuport.o(i.mem_manage_fault_track)
    i.msh_auto_complete                      0x00001ef8   Section        0  msh.o(i.msh_auto_complete)
    i.msh_exec                               0x00001f98   Section        0  msh.o(i.msh_exec)
    i.msh_get_cmd                            0x00002004   Section        0  msh.o(i.msh_get_cmd)
    msh_get_cmd                              0x00002005   Thumb Code    76  msh.o(i.msh_get_cmd)
    i.msh_help                               0x00002060   Section        0  msh.o(i.msh_help)
    i.msh_is_used                            0x000020e0   Section        0  msh.o(i.msh_is_used)
    i.msh_split                              0x000020e4   Section        0  msh.o(i.msh_split)
    msh_split                                0x000020e5   Thumb Code   202  msh.o(i.msh_split)
    i.object_split                           0x000021d4   Section        0  cmd.o(i.object_split)
    object_split                             0x000021d5   Thumb Code    22  cmd.o(i.object_split)
    i.print_number                           0x000021f0   Section        0  kservice.o(i.print_number)
    print_number                             0x000021f1   Thumb Code   400  kservice.o(i.print_number)
    i.rt_application_init                    0x00002388   Section        0  components.o(i.rt_application_init)
    i.rt_components_board_init               0x000023c8   Section        0  components.o(i.rt_components_board_init)
    i.rt_components_init                     0x000023e4   Section        0  components.o(i.rt_components_init)
    i.rt_enter_critical                      0x00002400   Section        0  scheduler.o(i.rt_enter_critical)
    i.rt_exit_critical                       0x00002420   Section        0  scheduler.o(i.rt_exit_critical)
    i.rt_hw_board_init                       0x00002464   Section        0  board.o(i.rt_hw_board_init)
    i.rt_hw_console_getchar                  0x0000247c   Section        0  finsh_port.o(i.rt_hw_console_getchar)
    i.rt_hw_console_output                   0x0000249c   Section        0  kservice.o(i.rt_hw_console_output)
    i.rt_hw_hard_fault_exception             0x000024c8   Section        0  cpuport.o(i.rt_hw_hard_fault_exception)
    i.rt_hw_stack_init                       0x000026f4   Section        0  cpuport.o(i.rt_hw_stack_init)
    i.rt_interrupt_enter                     0x00002744   Section        0  irq.o(i.rt_interrupt_enter)
    i.rt_interrupt_leave                     0x00002764   Section        0  irq.o(i.rt_interrupt_leave)
    i.rt_ipc_object_init                     0x00002784   Section        0  ipc.o(i.rt_ipc_object_init)
    rt_ipc_object_init                       0x00002785   Thumb Code    16  ipc.o(i.rt_ipc_object_init)
    i.rt_kprintf                             0x00002794   Section        0  kservice.o(i.rt_kprintf)
    i.rt_list_init                           0x000027c4   Section        0  ipc.o(i.rt_list_init)
    rt_list_init                             0x000027c5   Thumb Code     6  ipc.o(i.rt_list_init)
    i.rt_list_init                           0x000027ca   Section        0  scheduler.o(i.rt_list_init)
    rt_list_init                             0x000027cb   Thumb Code     6  scheduler.o(i.rt_list_init)
    i.rt_list_init                           0x000027d0   Section        0  timer.o(i.rt_list_init)
    rt_list_init                             0x000027d1   Thumb Code     6  timer.o(i.rt_list_init)
    i.rt_list_insert_after                   0x000027d6   Section        0  thread.o(i.rt_list_insert_after)
    rt_list_insert_after                     0x000027d7   Thumb Code    14  thread.o(i.rt_list_insert_after)
    i.rt_list_insert_after                   0x000027e4   Section        0  timer.o(i.rt_list_insert_after)
    rt_list_insert_after                     0x000027e5   Thumb Code    14  timer.o(i.rt_list_insert_after)
    i.rt_list_isempty                        0x000027f2   Section        0  timer.o(i.rt_list_isempty)
    rt_list_isempty                          0x000027f3   Thumb Code    16  timer.o(i.rt_list_isempty)
    i.rt_list_isempty                        0x00002802   Section        0  cmd.o(i.rt_list_isempty)
    rt_list_isempty                          0x00002803   Thumb Code    16  cmd.o(i.rt_list_isempty)
    i.rt_list_len                            0x00002812   Section        0  cmd.o(i.rt_list_len)
    rt_list_len                              0x00002813   Thumb Code    20  cmd.o(i.rt_list_len)
    i.rt_list_remove                         0x00002826   Section        0  thread.o(i.rt_list_remove)
    rt_list_remove                           0x00002827   Thumb Code    18  thread.o(i.rt_list_remove)
    i.rt_list_remove                         0x00002838   Section        0  timer.o(i.rt_list_remove)
    rt_list_remove                           0x00002839   Thumb Code    18  timer.o(i.rt_list_remove)
    i.rt_memmove                             0x0000284a   Section        0  kservice.o(i.rt_memmove)
    i.rt_memset                              0x0000288c   Section        0  kservice.o(i.rt_memset)
    i.rt_object_detach                       0x000028d4   Section        0  object.o(i.rt_object_detach)
    i.rt_object_get_information              0x00002900   Section        0  object.o(i.rt_object_get_information)
    i.rt_object_init                         0x00002928   Section        0  object.o(i.rt_object_init)
    i.rt_object_is_systemobject              0x00002988   Section        0  object.o(i.rt_object_is_systemobject)
    i.rt_schedule                            0x0000299c   Section        0  scheduler.o(i.rt_schedule)
    i.rt_schedule_insert_thread              0x00002a20   Section        0  scheduler.o(i.rt_schedule_insert_thread)
    i.rt_schedule_remove_thread              0x00002a70   Section        0  scheduler.o(i.rt_schedule_remove_thread)
    i.rt_sem_init                            0x00002ac4   Section        0  ipc.o(i.rt_sem_init)
    i.rt_show_version                        0x00002aec   Section        0  kservice.o(i.rt_show_version)
    i.rt_strncpy                             0x00002b9c   Section        0  kservice.o(i.rt_strncpy)
    i.rt_system_scheduler_init               0x00002bd0   Section        0  scheduler.o(i.rt_system_scheduler_init)
    i.rt_system_scheduler_start              0x00002c1c   Section        0  scheduler.o(i.rt_system_scheduler_start)
    i.rt_system_timer_init                   0x00002c4c   Section        0  timer.o(i.rt_system_timer_init)
    i.rt_system_timer_thread_init            0x00002c68   Section        0  timer.o(i.rt_system_timer_thread_init)
    i.rt_thread_delay                        0x00002c6a   Section        0  thread.o(i.rt_thread_delay)
    i.rt_thread_exit                         0x00002c78   Section        0  thread.o(i.rt_thread_exit)
    i.rt_thread_idle_entry                   0x00002cd0   Section        0  idle.o(i.rt_thread_idle_entry)
    rt_thread_idle_entry                     0x00002cd1   Thumb Code     8  idle.o(i.rt_thread_idle_entry)
    i.rt_thread_idle_excute                  0x00002cd8   Section        0  idle.o(i.rt_thread_idle_excute)
    i.rt_thread_idle_init                    0x00002cdc   Section        0  idle.o(i.rt_thread_idle_init)
    i.rt_thread_init                         0x00002d18   Section        0  thread.o(i.rt_thread_init)
    i.rt_thread_resume                       0x00002d4c   Section        0  thread.o(i.rt_thread_resume)
    i.rt_thread_self                         0x00002d88   Section        0  thread.o(i.rt_thread_self)
    i.rt_thread_sleep                        0x00002d94   Section        0  thread.o(i.rt_thread_sleep)
    i.rt_thread_startup                      0x00002dd8   Section        0  thread.o(i.rt_thread_startup)
    i.rt_thread_suspend                      0x00002e04   Section        0  thread.o(i.rt_thread_suspend)
    i.rt_thread_timeout                      0x00002e48   Section        0  thread.o(i.rt_thread_timeout)
    i.rt_thread_yield                        0x00002e68   Section        0  thread.o(i.rt_thread_yield)
    i.rt_tick_get                            0x00002ecc   Section        0  clock.o(i.rt_tick_get)
    i.rt_tick_increase                       0x00002ed8   Section        0  clock.o(i.rt_tick_increase)
    i.rt_timer_check                         0x00002f08   Section        0  timer.o(i.rt_timer_check)
    i.rt_timer_control                       0x00002fac   Section        0  timer.o(i.rt_timer_control)
    i.rt_timer_detach                        0x0000300e   Section        0  timer.o(i.rt_timer_detach)
    i.rt_timer_init                          0x00003036   Section        0  timer.o(i.rt_timer_init)
    i.rt_timer_start                         0x00003064   Section        0  timer.o(i.rt_timer_start)
    i.rt_timer_stop                          0x00003150   Section        0  timer.o(i.rt_timer_stop)
    i.rt_vsnprintf                           0x00003180   Section        0  kservice.o(i.rt_vsnprintf)
    i.rti_board_end                          0x000034c0   Section        0  components.o(i.rti_board_end)
    rti_board_end                            0x000034c1   Thumb Code     4  components.o(i.rti_board_end)
    i.rti_board_start                        0x000034c4   Section        0  components.o(i.rti_board_start)
    rti_board_start                          0x000034c5   Thumb Code     4  components.o(i.rti_board_start)
    i.rti_end                                0x000034c8   Section        0  components.o(i.rti_end)
    rti_end                                  0x000034c9   Thumb Code     4  components.o(i.rti_end)
    i.rti_start                              0x000034cc   Section        0  components.o(i.rti_start)
    rti_start                                0x000034cd   Thumb Code     4  components.o(i.rti_start)
    i.rtthread_startup                       0x000034d0   Section        0  components.o(i.rtthread_startup)
    i.shell_auto_complete                    0x000034fc   Section        0  shell.o(i.shell_auto_complete)
    shell_auto_complete                      0x000034fd   Thumb Code    42  shell.o(i.shell_auto_complete)
    i.show_wait_queue                        0x00003534   Section        0  cmd.o(i.show_wait_queue)
    show_wait_queue                          0x00003535   Thumb Code    40  cmd.o(i.show_wait_queue)
    i.skip_atoi                              0x00003564   Section        0  kservice.o(i.skip_atoi)
    skip_atoi                                0x00003565   Thumb Code    38  kservice.o(i.skip_atoi)
    i.str_common                             0x0000358a   Section        0  msh.o(i.str_common)
    str_common                               0x0000358b   Thumb Code    32  msh.o(i.str_common)
    i.uart_init                              0x000035ac   Section        0  board.o(i.uart_init)
    uart_init                                0x000035ad   Thumb Code    44  board.o(i.uart_init)
    i.usage_fault_track                      0x000035e0   Section        0  cpuport.o(i.usage_fault_track)
    usage_fault_track                        0x000035e1   Thumb Code   122  cpuport.o(i.usage_fault_track)
    i.version                                0x000036c8   Section        0  cmd.o(i.version)
    x$fpl$fpinit                             0x000036d2   Section       10  fpinit.o(x$fpl$fpinit)
    $v0                                      0x000036d2   Number         0  fpinit.o(x$fpl$fpinit)
    .constdata                               0x000036dc   Section       36  board.o(.constdata)
    .constdata                               0x00003700   Section      290  kservice.o(.constdata)
    small_digits                             0x00003800   Data          17  kservice.o(.constdata)
    large_digits                             0x00003811   Data          17  kservice.o(.constdata)
    .conststring                             0x00003824   Section       68  cmd.o(.conststring)
    .rodata.name                             0x00003868   Section      423  cmd.o(.rodata.name)
    .rodata.name                             0x00003a0f   Section       70  msh.o(.rodata.name)
    .rti_fn.0                                0x00003a58   Section        4  components.o(.rti_fn.0)
    __tagsym$$used                           0x00003a58   Number         0  components.o(.rti_fn.0)
    .rti_fn.0.end                            0x00003a5c   Section        4  components.o(.rti_fn.0.end)
    __tagsym$$used                           0x00003a5c   Number         0  components.o(.rti_fn.0.end)
    .rti_fn.1.end                            0x00003a60   Section        4  components.o(.rti_fn.1.end)
    __tagsym$$used                           0x00003a60   Number         0  components.o(.rti_fn.1.end)
    .rti_fn.6                                0x00003a64   Section        4  shell.o(.rti_fn.6)
    __tagsym$$used                           0x00003a64   Number         0  shell.o(.rti_fn.6)
    .rti_fn.6.end                            0x00003a68   Section        4  components.o(.rti_fn.6.end)
    __tagsym$$used                           0x00003a68   Number         0  components.o(.rti_fn.6.end)
    FSymTab                                  0x00003a6c   Section      144  cmd.o(FSymTab)
    __tagsym$$used                           0x00003a6c   Number         0  cmd.o(FSymTab)
    __tagsym$$used                           0x00003a78   Number         0  cmd.o(FSymTab)
    __tagsym$$used                           0x00003a84   Number         0  cmd.o(FSymTab)
    __tagsym$$used                           0x00003a90   Number         0  cmd.o(FSymTab)
    __tagsym$$used                           0x00003a9c   Number         0  cmd.o(FSymTab)
    __tagsym$$used                           0x00003aa8   Number         0  cmd.o(FSymTab)
    __tagsym$$used                           0x00003ab4   Number         0  cmd.o(FSymTab)
    __tagsym$$used                           0x00003ac0   Number         0  cmd.o(FSymTab)
    __tagsym$$used                           0x00003acc   Number         0  cmd.o(FSymTab)
    __tagsym$$used                           0x00003ad8   Number         0  cmd.o(FSymTab)
    __tagsym$$used                           0x00003ae4   Number         0  cmd.o(FSymTab)
    __tagsym$$used                           0x00003af0   Number         0  cmd.o(FSymTab)
    FSymTab                                  0x00003afc   Section       24  msh.o(FSymTab)
    __tagsym$$used                           0x00003afc   Number         0  msh.o(FSymTab)
    __tagsym$$used                           0x00003b08   Number         0  msh.o(FSymTab)
    .data                                    0x20000000   Section       16  cpuport.o(.data)
    rt_exception_hook                        0x2000000c   Data           4  cpuport.o(.data)
    .data                                    0x20000010   Section        4  clock.o(.data)
    rt_tick                                  0x20000010   Data           4  clock.o(.data)
    .data                                    0x20000014   Section        1  irq.o(.data)
    .data                                    0x20000018   Section       64  object.o(.data)
    rt_object_container                      0x20000018   Data          64  object.o(.data)
    .data                                    0x20000058   Section       24  scheduler.o(.data)
    rt_scheduler_lock_nest                   0x2000005c   Data           2  scheduler.o(.data)
    .data                                    0x20000070   Section       12  timer.o(.data)
    rt_timer_list                            0x20000070   Data           8  timer.o(.data)
    random_nr                                0x20000078   Data           4  timer.o(.data)
    .data                                    0x2000007c   Section       24  shell.o(.data)
    finsh_prompt_custom                      0x20000090   Data           4  shell.o(.data)
    .data                                    0x20000094   Section        8  cs.o(.data)
    hfxtFreq                                 0x20000094   Data           4  cs.o(.data)
    lfxtFreq                                 0x20000098   Data           4  cs.o(.data)
    .data                                    0x2000009c   Section       48  gpio.o(.data)
    GPIO_PORT_TO_BASE                        0x2000009c   Data          48  gpio.o(.data)
    .bss                                     0x200000d0   Section      376  components.o(.bss)
    main_stack                               0x200000d0   Data         256  components.o(.bss)
    .bss                                     0x20000248   Section      248  idle.o(.bss)
    idle                                     0x20000248   Data         120  idle.o(.bss)
    rt_thread_stack                          0x200002c0   Data         128  idle.o(.bss)
    .bss                                     0x20000340   Section      128  kservice.o(.bss)
    rt_log_buf                               0x20000340   Data         128  kservice.o(.bss)
    .bss                                     0x200003c0   Section      256  scheduler.o(.bss)
    .bss                                     0x200004c0   Section     1393  shell.o(.bss)
    finsh_thread                             0x200004c0   Data         120  shell.o(.bss)
    finsh_thread_stack                       0x20000538   Data        1024  shell.o(.bss)
    finsh_prompt                             0x200009b0   Data         129  shell.o(.bss)
    .bss                                     0x20000a34   Section       96  libspace.o(.bss)
    HEAP                                     0x20000a98   Section        0  startup_msp432p401r_uvision.o(HEAP)
    STACK                                    0x20000a98   Section      512  startup_msp432p401r_uvision.o(STACK)
    Heap_Mem                                 0x20000a98   Data           0  startup_msp432p401r_uvision.o(HEAP)
    Stack_Mem                                0x20000a98   Data         512  startup_msp432p401r_uvision.o(STACK)
    __initial_sp                             0x20000c98   Data           0  startup_msp432p401r_uvision.o(STACK)

    Global Symbols

    Symbol Name                              Value     Ov Type        Size  Object(Section)

    BuildAttributes$$THM_ISAv4$E$P$D$K$B$S$7EM$VFPi3$EXTD16$VFPS$VFMA$PE$A:L22UL41UL21$X:L11$S22US41US21$IEEE1$IW$USESV6$~STKCKD$USESV7$~SHL$OTIME$ROPI$EBA8$UX$STANDARDLIB$REQ8$PRES8$EABIv2 0x00000000   Number         0  anon$$obj.o ABSOLUTE
    __ARM_use_no_argv                        0x00000000   Number         0  main.o ABSOLUTE
    __Vectors                                0x00000000   Data           4  startup_msp432p401r_uvision.o(RESET)
    __ARM_exceptions_init                     - Undefined Weak Reference
    __alloca_initialize                       - Undefined Weak Reference
    __arm_fini_                               - Undefined Weak Reference
    __arm_preinit_                            - Undefined Weak Reference
    __cpp_initialize__aeabi_                  - Undefined Weak Reference
    __cxa_finalize                            - Undefined Weak Reference
    __rt_locale                               - Undefined Weak Reference
    __sigvec_lookup                           - Undefined Weak Reference
    _atexit_init                              - Undefined Weak Reference
    _call_atexit_fns                          - Undefined Weak Reference
    _clock_init                               - Undefined Weak Reference
    _fp_trap_init                             - Undefined Weak Reference
    _fp_trap_shutdown                         - Undefined Weak Reference
    _get_lc_collate                           - Undefined Weak Reference
    _get_lc_ctype                             - Undefined Weak Reference
    _get_lc_monetary                          - Undefined Weak Reference
    _get_lc_numeric                           - Undefined Weak Reference
    _get_lc_time                              - Undefined Weak Reference
    _getenv_init                              - Undefined Weak Reference
    _handle_redirection                       - Undefined Weak Reference
    _init_alloc                               - Undefined Weak Reference
    _init_user_alloc                          - Undefined Weak Reference
    _initio                                   - Undefined Weak Reference
    _rand_init                                - Undefined Weak Reference
    _signal_finish                            - Undefined Weak Reference
    _signal_init                              - Undefined Weak Reference
    _terminate_alloc                          - Undefined Weak Reference
    _terminate_user_alloc                     - Undefined Weak Reference
    _terminateio                              - Undefined Weak Reference
    __Vectors_End                            0x00000144   Data           0  startup_msp432p401r_uvision.o(RESET)
    __Vectors_Size                           0x00000144   Number         0  startup_msp432p401r_uvision.o ABSOLUTE
    __main                                   0x00000145   Thumb Code     8  __main.o(!!!main)
    __scatterload                            0x0000014d   Thumb Code     0  __scatter.o(!!!scatter)
    __scatterload_rt2                        0x0000014d   Thumb Code    44  __scatter.o(!!!scatter)
    __scatterload_rt2_thumb_only             0x0000014d   Thumb Code     0  __scatter.o(!!!scatter)
    __scatterload_null                       0x0000015b   Thumb Code     0  __scatter.o(!!!scatter)
    __scatterload_copy                       0x00000181   Thumb Code    26  __scatter_copy.o(!!handler_copy)
    __scatterload_zeroinit                   0x0000019d   Thumb Code    28  __scatter_zi.o(!!handler_zi)
    __rt_lib_init                            0x000001b9   Thumb Code     0  libinit.o(.ARM.Collect$$libinit$$00000000)
    __rt_lib_init_fp_1                       0x000001bb   Thumb Code     0  libinit2.o(.ARM.Collect$$libinit$$00000001)
    __rt_lib_init_alloca_1                   0x000001bf   Thumb Code     0  libinit2.o(.ARM.Collect$$libinit$$0000002E)
    __rt_lib_init_argv_1                     0x000001bf   Thumb Code     0  libinit2.o(.ARM.Collect$$libinit$$0000002C)
    __rt_lib_init_atexit_1                   0x000001bf   Thumb Code     0  libinit2.o(.ARM.Collect$$libinit$$0000001B)
    __rt_lib_init_clock_1                    0x000001bf   Thumb Code     0  libinit2.o(.ARM.Collect$$libinit$$00000021)
    __rt_lib_init_cpp_1                      0x000001bf   Thumb Code     0  libinit2.o(.ARM.Collect$$libinit$$00000032)
    __rt_lib_init_exceptions_1               0x000001bf   Thumb Code     0  libinit2.o(.ARM.Collect$$libinit$$00000030)
    __rt_lib_init_fp_trap_1                  0x000001bf   Thumb Code     0  libinit2.o(.ARM.Collect$$libinit$$0000001F)
    __rt_lib_init_getenv_1                   0x000001bf   Thumb Code     0  libinit2.o(.ARM.Collect$$libinit$$00000023)
    __rt_lib_init_heap_1                     0x000001bf   Thumb Code     0  libinit2.o(.ARM.Collect$$libinit$$0000000A)
    __rt_lib_init_lc_collate_1               0x000001bf   Thumb Code     0  libinit2.o(.ARM.Collect$$libinit$$00000011)
    __rt_lib_init_lc_ctype_1                 0x000001bf   Thumb Code     0  libinit2.o(.ARM.Collect$$libinit$$00000013)
    __rt_lib_init_lc_monetary_1              0x000001bf   Thumb Code     0  libinit2.o(.ARM.Collect$$libinit$$00000015)
    __rt_lib_init_lc_numeric_1               0x000001bf   Thumb Code     0  libinit2.o(.ARM.Collect$$libinit$$00000017)
    __rt_lib_init_lc_time_1                  0x000001bf   Thumb Code     0  libinit2.o(.ARM.Collect$$libinit$$00000019)
    __rt_lib_init_preinit_1                  0x000001bf   Thumb Code     0  libinit2.o(.ARM.Collect$$libinit$$00000004)
    __rt_lib_init_rand_1                     0x000001bf   Thumb Code     0  libinit2.o(.ARM.Collect$$libinit$$0000000E)
    __rt_lib_init_return                     0x000001bf   Thumb Code     0  libinit2.o(.ARM.Collect$$libinit$$00000033)
    __rt_lib_init_signal_1                   0x000001bf   Thumb Code     0  libinit2.o(.ARM.Collect$$libinit$$0000001D)
    __rt_lib_init_stdio_1                    0x000001bf   Thumb Code     0  libinit2.o(.ARM.Collect$$libinit$$00000025)
    __rt_lib_init_user_alloc_1               0x000001bf   Thumb Code     0  libinit2.o(.ARM.Collect$$libinit$$0000000C)
    __rt_lib_shutdown                        0x000001c1   Thumb Code     0  libshutdown.o(.ARM.Collect$$libshutdown$$00000000)
    __rt_lib_shutdown_cpp_1                  0x000001c3   Thumb Code     0  libshutdown2.o(.ARM.Collect$$libshutdown$$00000004)
    __rt_lib_shutdown_fini_1                 0x000001c3   Thumb Code     0  libshutdown2.o(.ARM.Collect$$libshutdown$$00000002)
    __rt_lib_shutdown_fp_trap_1              0x000001c3   Thumb Code     0  libshutdown2.o(.ARM.Collect$$libshutdown$$00000009)
    __rt_lib_shutdown_heap_1                 0x000001c3   Thumb Code     0  libshutdown2.o(.ARM.Collect$$libshutdown$$00000011)
    __rt_lib_shutdown_return                 0x000001c3   Thumb Code     0  libshutdown2.o(.ARM.Collect$$libshutdown$$00000012)
    __rt_lib_shutdown_signal_1               0x000001c3   Thumb Code     0  libshutdown2.o(.ARM.Collect$$libshutdown$$0000000C)
    __rt_lib_shutdown_stdio_1                0x000001c3   Thumb Code     0  libshutdown2.o(.ARM.Collect$$libshutdown$$00000006)
    __rt_lib_shutdown_user_alloc_1           0x000001c3   Thumb Code     0  libshutdown2.o(.ARM.Collect$$libshutdown$$0000000E)
    __rt_entry                               0x000001c5   Thumb Code     0  __rtentry.o(.ARM.Collect$$rtentry$$00000000)
    __rt_entry_presh_1                       0x000001c5   Thumb Code     0  __rtentry2.o(.ARM.Collect$$rtentry$$00000002)
    __rt_entry_sh                            0x000001c5   Thumb Code     0  __rtentry4.o(.ARM.Collect$$rtentry$$00000004)
    __rt_entry_li                            0x000001cb   Thumb Code     0  __rtentry2.o(.ARM.Collect$$rtentry$$0000000A)
    __rt_entry_postsh_1                      0x000001cb   Thumb Code     0  __rtentry2.o(.ARM.Collect$$rtentry$$00000009)
    __rt_entry_main                          0x000001cf   Thumb Code     0  __rtentry2.o(.ARM.Collect$$rtentry$$0000000D)
    __rt_entry_postli_1                      0x000001cf   Thumb Code     0  __rtentry2.o(.ARM.Collect$$rtentry$$0000000C)
    __rt_exit                                0x000001d7   Thumb Code     0  rtexit.o(.ARM.Collect$$rtexit$$00000000)
    __rt_exit_ls                             0x000001d9   Thumb Code     0  rtexit2.o(.ARM.Collect$$rtexit$$00000003)
    __rt_exit_prels_1                        0x000001d9   Thumb Code     0  rtexit2.o(.ARM.Collect$$rtexit$$00000002)
    __rt_exit_exit                           0x000001dd   Thumb Code     0  rtexit2.o(.ARM.Collect$$rtexit$$00000004)
    CPU_cpsid                                0x000001e5   Thumb Code     8  cpu.o(.emb_text)
    CPU_primask                              0x000001ed   Thumb Code     6  cpu.o(.emb_text)
    CPU_cpsie                                0x000001f3   Thumb Code     8  cpu.o(.emb_text)
    CPU_wfi                                  0x000001fb   Thumb Code     4  cpu.o(.emb_text)
    CPU_basepriSet                           0x000001ff   Thumb Code     6  cpu.o(.emb_text)
    CPU_basepriGet                           0x00000205   Thumb Code     6  cpu.o(.emb_text)
    rt_hw_interrupt_disable                  0x0000020d   Thumb Code     8  context_rvds.o(.text)
    rt_hw_interrupt_enable                   0x00000215   Thumb Code     6  context_rvds.o(.text)
    rt_hw_context_switch                     0x0000021b   Thumb Code    32  context_rvds.o(.text)
    rt_hw_context_switch_interrupt           0x0000021b   Thumb Code     0  context_rvds.o(.text)
    PendSV_Handler                           0x0000023b   Thumb Code   108  context_rvds.o(.text)
    rt_hw_context_switch_to                  0x000002a7   Thumb Code    68  context_rvds.o(.text)
    rt_hw_interrupt_thread_switch            0x000002eb   Thumb Code     2  context_rvds.o(.text)
    HardFault_Handler                        0x000002ed   Thumb Code    56  context_rvds.o(.text)
    Reset_Handler                            0x00000341   Thumb Code     8  startup_msp432p401r_uvision.o(.text)
    NMI_Handler                              0x00000349   Thumb Code     2  startup_msp432p401r_uvision.o(.text)
    MemManage_Handler                        0x0000034d   Thumb Code     2  startup_msp432p401r_uvision.o(.text)
    BusFault_Handler                         0x0000034f   Thumb Code     2  startup_msp432p401r_uvision.o(.text)
    UsageFault_Handler                       0x00000351   Thumb Code     2  startup_msp432p401r_uvision.o(.text)
    SVC_Handler                              0x00000353   Thumb Code     2  startup_msp432p401r_uvision.o(.text)
    DebugMon_Handler                         0x00000355   Thumb Code     2  startup_msp432p401r_uvision.o(.text)
    ADC14_IRQHandler                         0x0000035b   Thumb Code     0  startup_msp432p401r_uvision.o(.text)
    AES256_IRQHandler                        0x0000035b   Thumb Code     0  startup_msp432p401r_uvision.o(.text)
    COMP_E0_IRQHandler                       0x0000035b   Thumb Code     0  startup_msp432p401r_uvision.o(.text)
    COMP_E1_IRQHandler                       0x0000035b   Thumb Code     0  startup_msp432p401r_uvision.o(.text)
    CS_IRQHandler                            0x0000035b   Thumb Code     0  startup_msp432p401r_uvision.o(.text)
    DMA_ERR_IRQHandler                       0x0000035b   Thumb Code     0  startup_msp432p401r_uvision.o(.text)
    DMA_INT0_IRQHandler                      0x0000035b   Thumb Code     0  startup_msp432p401r_uvision.o(.text)
    DMA_INT1_IRQHandler                      0x0000035b   Thumb Code     0  startup_msp432p401r_uvision.o(.text)
    DMA_INT2_IRQHandler                      0x0000035b   Thumb Code     0  startup_msp432p401r_uvision.o(.text)
    DMA_INT3_IRQHandler                      0x0000035b   Thumb Code     0  startup_msp432p401r_uvision.o(.text)
    EUSCIA0_IRQHandler                       0x0000035b   Thumb Code     0  startup_msp432p401r_uvision.o(.text)
    EUSCIA1_IRQHandler                       0x0000035b   Thumb Code     0  startup_msp432p401r_uvision.o(.text)
    EUSCIA2_IRQHandler                       0x0000035b   Thumb Code     0  startup_msp432p401r_uvision.o(.text)
    EUSCIA3_IRQHandler                       0x0000035b   Thumb Code     0  startup_msp432p401r_uvision.o(.text)
    EUSCIB0_IRQHandler                       0x0000035b   Thumb Code     0  startup_msp432p401r_uvision.o(.text)
    EUSCIB1_IRQHandler                       0x0000035b   Thumb Code     0  startup_msp432p401r_uvision.o(.text)
    EUSCIB2_IRQHandler                       0x0000035b   Thumb Code     0  startup_msp432p401r_uvision.o(.text)
    EUSCIB3_IRQHandler                       0x0000035b   Thumb Code     0  startup_msp432p401r_uvision.o(.text)
    FLCTL_IRQHandler                         0x0000035b   Thumb Code     0  startup_msp432p401r_uvision.o(.text)
    FPU_IRQHandler                           0x0000035b   Thumb Code     0  startup_msp432p401r_uvision.o(.text)
    PCM_IRQHandler                           0x0000035b   Thumb Code     0  startup_msp432p401r_uvision.o(.text)
    PORT1_IRQHandler                         0x0000035b   Thumb Code     0  startup_msp432p401r_uvision.o(.text)
    PORT2_IRQHandler                         0x0000035b   Thumb Code     0  startup_msp432p401r_uvision.o(.text)
    PORT3_IRQHandler                         0x0000035b   Thumb Code     0  startup_msp432p401r_uvision.o(.text)
    PORT4_IRQHandler                         0x0000035b   Thumb Code     0  startup_msp432p401r_uvision.o(.text)
    PORT5_IRQHandler                         0x0000035b   Thumb Code     0  startup_msp432p401r_uvision.o(.text)
    PORT6_IRQHandler                         0x0000035b   Thumb Code     0  startup_msp432p401r_uvision.o(.text)
    PSS_IRQHandler                           0x0000035b   Thumb Code     0  startup_msp432p401r_uvision.o(.text)
    RTC_C_IRQHandler                         0x0000035b   Thumb Code     0  startup_msp432p401r_uvision.o(.text)
    T32_INT1_IRQHandler                      0x0000035b   Thumb Code     0  startup_msp432p401r_uvision.o(.text)
    T32_INT2_IRQHandler                      0x0000035b   Thumb Code     0  startup_msp432p401r_uvision.o(.text)
    T32_INTC_IRQHandler                      0x0000035b   Thumb Code     0  startup_msp432p401r_uvision.o(.text)
    TA0_0_IRQHandler                         0x0000035b   Thumb Code     0  startup_msp432p401r_uvision.o(.text)
    TA0_N_IRQHandler                         0x0000035b   Thumb Code     0  startup_msp432p401r_uvision.o(.text)
    TA1_0_IRQHandler                         0x0000035b   Thumb Code     0  startup_msp432p401r_uvision.o(.text)
    TA1_N_IRQHandler                         0x0000035b   Thumb Code     0  startup_msp432p401r_uvision.o(.text)
    TA2_0_IRQHandler                         0x0000035b   Thumb Code     0  startup_msp432p401r_uvision.o(.text)
    TA2_N_IRQHandler                         0x0000035b   Thumb Code     0  startup_msp432p401r_uvision.o(.text)
    TA3_0_IRQHandler                         0x0000035b   Thumb Code     0  startup_msp432p401r_uvision.o(.text)
    TA3_N_IRQHandler                         0x0000035b   Thumb Code     0  startup_msp432p401r_uvision.o(.text)
    WDT_A_IRQHandler                         0x0000035b   Thumb Code     0  startup_msp432p401r_uvision.o(.text)
    __user_initial_stackheap                 0x0000035d   Thumb Code    10  startup_msp432p401r_uvision.o(.text)
    strcpy                                   0x0000037d   Thumb Code    72  strcpy.o(.text)
    strlen                                   0x000003c5   Thumb Code    62  strlen.o(.text)
    strncmp                                  0x00000403   Thumb Code   150  strncmp.o(.text)
    strcat                                   0x00000499   Thumb Code    24  strcat.o(.text)
    __aeabi_memcpy4                          0x000004b1   Thumb Code     0  rt_memcpy_w.o(.text)
    __aeabi_memcpy8                          0x000004b1   Thumb Code     0  rt_memcpy_w.o(.text)
    __rt_memcpy_w                            0x000004b1   Thumb Code   100  rt_memcpy_w.o(.text)
    _memcpy_lastbytes_aligned                0x000004f9   Thumb Code     0  rt_memcpy_w.o(.text)
    __aeabi_memclr                           0x00000515   Thumb Code     0  rt_memclr.o(.text)
    __rt_memclr                              0x00000515   Thumb Code    68  rt_memclr.o(.text)
    _memset                                  0x00000519   Thumb Code     0  rt_memclr.o(.text)
    __aeabi_memclr4                          0x00000559   Thumb Code     0  rt_memclr_w.o(.text)
    __aeabi_memclr8                          0x00000559   Thumb Code     0  rt_memclr_w.o(.text)
    __rt_memclr_w                            0x00000559   Thumb Code    78  rt_memclr_w.o(.text)
    _memset_w                                0x0000055d   Thumb Code     0  rt_memclr_w.o(.text)
    strncpy                                  0x000005a7   Thumb Code    86  strncpy.o(.text)
    __use_two_region_memory                  0x000005fd   Thumb Code     2  heapauxi.o(.text)
    __rt_heap_escrow$2region                 0x000005ff   Thumb Code     2  heapauxi.o(.text)
    __rt_heap_expand$2region                 0x00000601   Thumb Code     2  heapauxi.o(.text)
    __user_setup_stackheap                   0x00000603   Thumb Code    74  sys_stackheap_outer.o(.text)
    exit                                     0x0000064d   Thumb Code    18  exit.o(.text)
    __user_libspace                          0x00000661   Thumb Code     8  libspace.o(.text)
    __user_perproc_libspace                  0x00000661   Thumb Code     0  libspace.o(.text)
    __user_perthread_libspace                0x00000661   Thumb Code     0  libspace.o(.text)
    _sys_exit                                0x00000669   Thumb Code     8  sys_exit.o(.text)
    __I$use$semihosting                      0x00000675   Thumb Code     0  use_no_semi.o(.text)
    __use_no_semihosting_swi                 0x00000675   Thumb Code     2  use_no_semi.o(.text)
    __semihosting_library_function           0x00000677   Thumb Code     0  indicate_semi.o(.text)
    main                                     0x00000677   Thumb Code    10  components.o(i.$Sub$$main)
    CS_initClockSignal                       0x00000681   Thumb Code   222  cs.o(i.CS_initClockSignal)
    CS_setExternalClockSourceFrequency       0x0000077d   Thumb Code     8  cs.o(i.CS_setExternalClockSourceFrequency)
    CS_startHFXT                             0x00000789   Thumb Code     6  cs.o(i.CS_startHFXT)
    CS_startHFXTWithTimeout                  0x00000791   Thumb Code   262  cs.o(i.CS_startHFXTWithTimeout)
    FlashCtl_setWaitState                    0x000008d5   Thumb Code    38  flash.o(i.FlashCtl_setWaitState)
    GPIO_setAsOutputPin                      0x00000901   Thumb Code    26  gpio.o(i.GPIO_setAsOutputPin)
    GPIO_setAsPeripheralModuleFunctionInputPin 0x00000921   Thumb Code    68  gpio.o(i.GPIO_setAsPeripheralModuleFunctionInputPin)
    GPIO_setAsPeripheralModuleFunctionOutputPin 0x00000969   Thumb Code    68  gpio.o(i.GPIO_setAsPeripheralModuleFunctionOutputPin)
    GPIO_toggleOutputOnPin                   0x000009b1   Thumb Code    14  gpio.o(i.GPIO_toggleOutputOnPin)
    Interrupt_enableMaster                   0x000009c5   Thumb Code    14  interrupt.o(i.Interrupt_enableMaster)
    PCM_getCoreVoltageLevel                  0x000009d5   Thumb Code    70  pcm.o(i.PCM_getCoreVoltageLevel)
    PCM_getPowerMode                         0x00000a21   Thumb Code    62  pcm.o(i.PCM_getPowerMode)
    PCM_setCoreVoltageLevel                  0x00000a65   Thumb Code     8  pcm.o(i.PCM_setCoreVoltageLevel)
    SysCtl_disableNMISource                  0x00000a6d   Thumb Code    12  sysctl.o(i.SysCtl_disableNMISource)
    SysCtl_enableNMISource                   0x00000a7d   Thumb Code    10  sysctl.o(i.SysCtl_enableNMISource)
    SysCtl_getNMISourceStatus                0x00000a8d   Thumb Code     6  sysctl.o(i.SysCtl_getNMISourceStatus)
    SysTick_Handler                          0x00000a99   Thumb Code    16  board.o(i.SysTick_Handler)
    SysTick_enableInterrupt                  0x00000aa9   Thumb Code    14  systick.o(i.SysTick_enableInterrupt)
    SysTick_enableModule                     0x00000ab7   Thumb Code    14  systick.o(i.SysTick_enableModule)
    SysTick_setPeriod                        0x00000ac5   Thumb Code    10  systick.o(i.SysTick_setPeriod)
    SystemInit                               0x00000b21   Thumb Code    86  system_msp432p401r.o(i.SystemInit)
    UART_enableModule                        0x00000b8d   Thumb Code    12  uart.o(i.UART_enableModule)
    UART_getInterruptStatus                  0x00000b99   Thumb Code     6  uart.o(i.UART_getInterruptStatus)
    UART_initModule                          0x00000b9f   Thumb Code   136  uart.o(i.UART_initModule)
    UART_receiveData                         0x00000c27   Thumb Code    26  uart.o(i.UART_receiveData)
    UART_transmitData                        0x00000c41   Thumb Code    24  uart.o(i.UART_transmitData)
    WDT_A_holdTimer                          0x00000c59   Thumb Code    18  wdt_a.o(i.WDT_A_holdTimer)
    __rt_ffs                                 0x00000e7d   Thumb Code    70  kservice.o(i.__rt_ffs)
    cmd_ps                                   0x00001131   Thumb Code    14  msh.o(i.cmd_ps)
    finsh_get_prompt                         0x00001141   Thumb Code    84  shell.o(i.finsh_get_prompt)
    finsh_set_prompt_mode                    0x000011bd   Thumb Code    22  shell.o(i.finsh_set_prompt_mode)
    finsh_system_function_init               0x000011d9   Thumb Code    10  shell.o(i.finsh_system_function_init)
    finsh_system_init                        0x000011ed   Thumb Code    88  shell.o(i.finsh_system_init)
    finsh_thread_entry                       0x00001271   Thumb Code   936  shell.o(i.finsh_thread_entry)
    hello                                    0x000016b9   Thumb Code    12  cmd.o(i.hello)
    list                                     0x000016d9   Thumb Code    54  cmd.o(i.list)
    list_mailbox                             0x000017f5   Thumb Code   224  cmd.o(i.list_mailbox)
    list_sem                                 0x00001951   Thumb Code   216  cmd.o(i.list_sem)
    list_thread                              0x00001a89   Thumb Code   294  cmd.o(i.list_thread)
    list_timer                               0x00001c6d   Thumb Code   190  cmd.o(i.list_timer)
    $Super$$main                             0x00001dcd   Thumb Code    46  main.o(i.main)
    main_thread_entry                        0x00001e01   Thumb Code    14  components.o(i.main_thread_entry)
    msh_auto_complete                        0x00001ef9   Thumb Code   138  msh.o(i.msh_auto_complete)
    msh_exec                                 0x00001f99   Thumb Code    84  msh.o(i.msh_exec)
    msh_help                                 0x00002061   Thumb Code    66  msh.o(i.msh_help)
    msh_is_used                              0x000020e1   Thumb Code     4  msh.o(i.msh_is_used)
    rt_application_init                      0x00002389   Thumb Code    44  components.o(i.rt_application_init)
    rt_components_board_init                 0x000023c9   Thumb Code    20  components.o(i.rt_components_board_init)
    rt_components_init                       0x000023e5   Thumb Code    20  components.o(i.rt_components_init)
    rt_enter_critical                        0x00002401   Thumb Code    28  scheduler.o(i.rt_enter_critical)
    rt_exit_critical                         0x00002421   Thumb Code    60  scheduler.o(i.rt_exit_critical)
    rt_hw_board_init                         0x00002465   Thumb Code    24  board.o(i.rt_hw_board_init)
    rt_hw_console_getchar                    0x0000247d   Thumb Code    28  finsh_port.o(i.rt_hw_console_getchar)
    rt_hw_console_output                     0x0000249d   Thumb Code    38  kservice.o(i.rt_hw_console_output)
    rt_hw_hard_fault_exception               0x000024c9   Thumb Code   220  cpuport.o(i.rt_hw_hard_fault_exception)
    rt_hw_stack_init                         0x000026f5   Thumb Code    74  cpuport.o(i.rt_hw_stack_init)
    rt_interrupt_enter                       0x00002745   Thumb Code    26  irq.o(i.rt_interrupt_enter)
    rt_interrupt_leave                       0x00002765   Thumb Code    26  irq.o(i.rt_interrupt_leave)
    rt_kprintf                               0x00002795   Thumb Code    44  kservice.o(i.rt_kprintf)
    rt_memmove                               0x0000284b   Thumb Code    66  kservice.o(i.rt_memmove)
    rt_memset                                0x0000288d   Thumb Code    72  kservice.o(i.rt_memset)
    rt_object_detach                         0x000028d5   Thumb Code    44  object.o(i.rt_object_detach)
    rt_object_get_information                0x00002901   Thumb Code    36  object.o(i.rt_object_get_information)
    rt_object_init                           0x00002929   Thumb Code    96  object.o(i.rt_object_init)
    rt_object_is_systemobject                0x00002989   Thumb Code    18  object.o(i.rt_object_is_systemobject)
    rt_schedule                              0x0000299d   Thumb Code   106  scheduler.o(i.rt_schedule)
    rt_schedule_insert_thread                0x00002a21   Thumb Code    72  scheduler.o(i.rt_schedule_insert_thread)
    rt_schedule_remove_thread                0x00002a71   Thumb Code    76  scheduler.o(i.rt_schedule_remove_thread)
    rt_sem_init                              0x00002ac5   Thumb Code    38  ipc.o(i.rt_sem_init)
    rt_show_version                          0x00002aed   Thumb Code    38  kservice.o(i.rt_show_version)
    rt_strncpy                               0x00002b9d   Thumb Code    52  kservice.o(i.rt_strncpy)
    rt_system_scheduler_init                 0x00002bd1   Thumb Code    52  scheduler.o(i.rt_system_scheduler_init)
    rt_system_scheduler_start                0x00002c1d   Thumb Code    36  scheduler.o(i.rt_system_scheduler_start)
    rt_system_timer_init                     0x00002c4d   Thumb Code    24  timer.o(i.rt_system_timer_init)
    rt_system_timer_thread_init              0x00002c69   Thumb Code     2  timer.o(i.rt_system_timer_thread_init)
    rt_thread_delay                          0x00002c6b   Thumb Code    12  thread.o(i.rt_thread_delay)
    rt_thread_exit                           0x00002c79   Thumb Code    78  thread.o(i.rt_thread_exit)
    rt_thread_idle_excute                    0x00002cd9   Thumb Code     2  idle.o(i.rt_thread_idle_excute)
    rt_thread_idle_init                      0x00002cdd   Thumb Code    38  idle.o(i.rt_thread_idle_init)
    rt_thread_init                           0x00002d19   Thumb Code    52  thread.o(i.rt_thread_init)
    rt_thread_resume                         0x00002d4d   Thumb Code    60  thread.o(i.rt_thread_resume)
    rt_thread_self                           0x00002d89   Thumb Code     6  thread.o(i.rt_thread_self)
    rt_thread_sleep                          0x00002d95   Thumb Code    62  thread.o(i.rt_thread_sleep)
    rt_thread_startup                        0x00002dd9   Thumb Code    44  thread.o(i.rt_thread_startup)
    rt_thread_suspend                        0x00002e05   Thumb Code    68  thread.o(i.rt_thread_suspend)
    rt_thread_timeout                        0x00002e49   Thumb Code    32  thread.o(i.rt_thread_timeout)
    rt_thread_yield                          0x00002e69   Thumb Code    92  thread.o(i.rt_thread_yield)
    rt_tick_get                              0x00002ecd   Thumb Code     6  clock.o(i.rt_tick_get)
    rt_tick_increase                         0x00002ed9   Thumb Code    42  clock.o(i.rt_tick_increase)
    rt_timer_check                           0x00002f09   Thumb Code   160  timer.o(i.rt_timer_check)
    rt_timer_control                         0x00002fad   Thumb Code    98  timer.o(i.rt_timer_control)
    rt_timer_detach                          0x0000300f   Thumb Code    40  timer.o(i.rt_timer_detach)
    rt_timer_init                            0x00003037   Thumb Code    46  timer.o(i.rt_timer_init)
    rt_timer_start                           0x00003065   Thumb Code   226  timer.o(i.rt_timer_start)
    rt_timer_stop                            0x00003151   Thumb Code    48  timer.o(i.rt_timer_stop)
    rt_vsnprintf                             0x00003181   Thumb Code   824  kservice.o(i.rt_vsnprintf)
    rtthread_startup                         0x000034d1   Thumb Code    42  components.o(i.rtthread_startup)
    version                                  0x000036c9   Thumb Code    10  cmd.o(i.version)
    _fp_init                                 0x000036d3   Thumb Code    10  fpinit.o(x$fpl$fpinit)
    __fplib_config_fpu_vfp                   0x000036db   Thumb Code     0  fpinit.o(x$fpl$fpinit)
    __fplib_config_pureend_doubles           0x000036db   Thumb Code     0  fpinit.o(x$fpl$fpinit)
    __lowest_bit_bitmap                      0x00003700   Data         256  kservice.o(.constdata)
    __fsym_hello_name                        0x00003868   Data           6  cmd.o(.rodata.name)
    __fsym_hello_desc                        0x0000386e   Data          16  cmd.o(.rodata.name)
    __fsym_version_name                      0x0000387e   Data           8  cmd.o(.rodata.name)
    __fsym_version_desc                      0x00003886   Data          35  cmd.o(.rodata.name)
    __fsym___cmd_version_name                0x000038a9   Data          14  cmd.o(.rodata.name)
    __fsym___cmd_version_desc                0x000038b7   Data          35  cmd.o(.rodata.name)
    __fsym_list_thread_name                  0x000038da   Data          12  cmd.o(.rodata.name)
    __fsym_list_thread_desc                  0x000038e6   Data          12  cmd.o(.rodata.name)
    __fsym___cmd_list_thread_name            0x000038f2   Data          18  cmd.o(.rodata.name)
    __fsym___cmd_list_thread_desc            0x00003904   Data          12  cmd.o(.rodata.name)
    __fsym_list_sem_name                     0x00003910   Data           9  cmd.o(.rodata.name)
    __fsym_list_sem_desc                     0x00003919   Data          25  cmd.o(.rodata.name)
    __fsym___cmd_list_sem_name               0x00003932   Data          15  cmd.o(.rodata.name)
    __fsym___cmd_list_sem_desc               0x00003941   Data          25  cmd.o(.rodata.name)
    __fsym_list_mailbox_name                 0x0000395a   Data          13  cmd.o(.rodata.name)
    __fsym_list_mailbox_desc                 0x00003967   Data          24  cmd.o(.rodata.name)
    __fsym___cmd_list_mailbox_name           0x0000397f   Data          19  cmd.o(.rodata.name)
    __fsym___cmd_list_mailbox_desc           0x00003992   Data          24  cmd.o(.rodata.name)
    __fsym_list_timer_name                   0x000039aa   Data          11  cmd.o(.rodata.name)
    __fsym_list_timer_desc                   0x000039b5   Data          21  cmd.o(.rodata.name)
    __fsym___cmd_list_timer_name             0x000039ca   Data          17  cmd.o(.rodata.name)
    __fsym___cmd_list_timer_desc             0x000039db   Data          21  cmd.o(.rodata.name)
    __fsym_list_name                         0x000039f0   Data           5  cmd.o(.rodata.name)
    __fsym_list_desc                         0x000039f5   Data          26  cmd.o(.rodata.name)
    __fsym___cmd_help_name                   0x00003a0f   Data          11  msh.o(.rodata.name)
    __fsym___cmd_help_desc                   0x00003a1a   Data          22  msh.o(.rodata.name)
    __fsym___cmd_ps_name                     0x00003a30   Data           9  msh.o(.rodata.name)
    __fsym___cmd_ps_desc                     0x00003a39   Data          28  msh.o(.rodata.name)
    __rt_init_rti_start                      0x00003a58   Data           4  components.o(.rti_fn.0)
    __rt_init_rti_board_start                0x00003a5c   Data           4  components.o(.rti_fn.0.end)
    __rt_init_rti_board_end                  0x00003a60   Data           4  components.o(.rti_fn.1.end)
    __rt_init_finsh_system_init              0x00003a64   Data           4  shell.o(.rti_fn.6)
    __rt_init_rti_end                        0x00003a68   Data           4  components.o(.rti_fn.6.end)
    FSymTab$$Base                            0x00003a6c   Number         0  cmd.o(FSymTab)
    __fsym_hello                             0x00003a6c   Data          12  cmd.o(FSymTab)
    __fsym_version                           0x00003a78   Data          12  cmd.o(FSymTab)
    __fsym___cmd_version                     0x00003a84   Data          12  cmd.o(FSymTab)
    __fsym_list_thread                       0x00003a90   Data          12  cmd.o(FSymTab)
    __fsym___cmd_list_thread                 0x00003a9c   Data          12  cmd.o(FSymTab)
    __fsym_list_sem                          0x00003aa8   Data          12  cmd.o(FSymTab)
    __fsym___cmd_list_sem                    0x00003ab4   Data          12  cmd.o(FSymTab)
    __fsym_list_mailbox                      0x00003ac0   Data          12  cmd.o(FSymTab)
    __fsym___cmd_list_mailbox                0x00003acc   Data          12  cmd.o(FSymTab)
    __fsym_list_timer                        0x00003ad8   Data          12  cmd.o(FSymTab)
    __fsym___cmd_list_timer                  0x00003ae4   Data          12  cmd.o(FSymTab)
    __fsym_list                              0x00003af0   Data          12  cmd.o(FSymTab)
    __fsym___cmd_help                        0x00003afc   Data          12  msh.o(FSymTab)
    __fsym___cmd_ps                          0x00003b08   Data          12  msh.o(FSymTab)
    FSymTab$$Limit                           0x00003b14   Number         0  msh.o(FSymTab)
    Region$$Table$$Base                      0x00003b14   Number         0  anon$$obj.o(Region$$Table)
    Region$$Table$$Limit                     0x00003b34   Number         0  anon$$obj.o(Region$$Table)
    rt_interrupt_from_thread                 0x20000000   Data           4  cpuport.o(.data)
    rt_interrupt_to_thread                   0x20000004   Data           4  cpuport.o(.data)
    rt_thread_switch_interrupt_flag          0x20000008   Data           4  cpuport.o(.data)
    rt_interrupt_nest                        0x20000014   Data           1  irq.o(.data)
    rt_thread_ready_priority_group           0x20000058   Data           4  scheduler.o(.data)
    rt_current_thread                        0x20000060   Data           4  scheduler.o(.data)
    rt_current_priority                      0x20000064   Data           1  scheduler.o(.data)
    rt_thread_defunct                        0x20000068   Data           8  scheduler.o(.data)
    _syscall_table_begin                     0x2000007c   Data           4  shell.o(.data)
    _syscall_table_end                       0x20000080   Data           4  shell.o(.data)
    _sysvar_table_begin                      0x20000084   Data           4  shell.o(.data)
    _sysvar_table_end                        0x20000088   Data           4  shell.o(.data)
    shell                                    0x2000008c   Data           4  shell.o(.data)
    main_thread                              0x200001d0   Data         120  components.o(.bss)
    rt_thread_priority_table                 0x200003c0   Data         256  scheduler.o(.bss)
    _shell                                   0x20000938   Data         120  shell.o(.bss)
    __libspace_start                         0x20000a34   Data          96  libspace.o(.bss)
    __temporary_stack_top$libspace           0x20000a94   Data           0  libspace.o(.bss)



==============================================================================

Memory Map of the image

  Image Entry point : 0x00000145

  Load Region LR_IROM1 (Base: 0x00000000, Size: 0x00003c00, Max: 0x00040000, ABSOLUTE)

    Execution Region ER_IROM1 (Exec base: 0x00000000, Load base: 0x00000000, Size: 0x00003b34, Max: 0x00040000, ABSOLUTE)

    Exec Addr    Load Addr    Size         Type   Attr      Idx    E Section Name        Object

    0x00000000   0x00000000   0x00000144   Data   RO         1626    RESET               startup_msp432p401r_uvision.o
    0x00000144   0x00000144   0x00000008   Code   RO         2195  * !!!main             c_w.l(__main.o)
    0x0000014c   0x0000014c   0x00000034   Code   RO         2354    !!!scatter          c_w.l(__scatter.o)
    0x00000180   0x00000180   0x0000001a   Code   RO         2356    !!handler_copy      c_w.l(__scatter_copy.o)
    0x0000019a   0x0000019a   0x00000002   PAD
    0x0000019c   0x0000019c   0x0000001c   Code   RO         2358    !!handler_zi        c_w.l(__scatter_zi.o)
    0x000001b8   0x000001b8   0x00000002   Code   RO         2222    .ARM.Collect$$libinit$$00000000  c_w.l(libinit.o)
    0x000001ba   0x000001ba   0x00000004   Code   RO         2228    .ARM.Collect$$libinit$$00000001  c_w.l(libinit2.o)
    0x000001be   0x000001be   0x00000000   Code   RO         2231    .ARM.Collect$$libinit$$00000004  c_w.l(libinit2.o)
    0x000001be   0x000001be   0x00000000   Code   RO         2234    .ARM.Collect$$libinit$$0000000A  c_w.l(libinit2.o)
    0x000001be   0x000001be   0x00000000   Code   RO         2236    .ARM.Collect$$libinit$$0000000C  c_w.l(libinit2.o)
    0x000001be   0x000001be   0x00000000   Code   RO         2238    .ARM.Collect$$libinit$$0000000E  c_w.l(libinit2.o)
    0x000001be   0x000001be   0x00000000   Code   RO         2241    .ARM.Collect$$libinit$$00000011  c_w.l(libinit2.o)
    0x000001be   0x000001be   0x00000000   Code   RO         2243    .ARM.Collect$$libinit$$00000013  c_w.l(libinit2.o)
    0x000001be   0x000001be   0x00000000   Code   RO         2245    .ARM.Collect$$libinit$$00000015  c_w.l(libinit2.o)
    0x000001be   0x000001be   0x00000000   Code   RO         2247    .ARM.Collect$$libinit$$00000017  c_w.l(libinit2.o)
    0x000001be   0x000001be   0x00000000   Code   RO         2249    .ARM.Collect$$libinit$$00000019  c_w.l(libinit2.o)
    0x000001be   0x000001be   0x00000000   Code   RO         2251    .ARM.Collect$$libinit$$0000001B  c_w.l(libinit2.o)
    0x000001be   0x000001be   0x00000000   Code   RO         2253    .ARM.Collect$$libinit$$0000001D  c_w.l(libinit2.o)
    0x000001be   0x000001be   0x00000000   Code   RO         2255    .ARM.Collect$$libinit$$0000001F  c_w.l(libinit2.o)
    0x000001be   0x000001be   0x00000000   Code   RO         2257    .ARM.Collect$$libinit$$00000021  c_w.l(libinit2.o)
    0x000001be   0x000001be   0x00000000   Code   RO         2259    .ARM.Collect$$libinit$$00000023  c_w.l(libinit2.o)
    0x000001be   0x000001be   0x00000000   Code   RO         2261    .ARM.Collect$$libinit$$00000025  c_w.l(libinit2.o)
    0x000001be   0x000001be   0x00000000   Code   RO         2265    .ARM.Collect$$libinit$$0000002C  c_w.l(libinit2.o)
    0x000001be   0x000001be   0x00000000   Code   RO         2267    .ARM.Collect$$libinit$$0000002E  c_w.l(libinit2.o)
    0x000001be   0x000001be   0x00000000   Code   RO         2269    .ARM.Collect$$libinit$$00000030  c_w.l(libinit2.o)
    0x000001be   0x000001be   0x00000000   Code   RO         2271    .ARM.Collect$$libinit$$00000032  c_w.l(libinit2.o)
    0x000001be   0x000001be   0x00000002   Code   RO         2272    .ARM.Collect$$libinit$$00000033  c_w.l(libinit2.o)
    0x000001c0   0x000001c0   0x00000002   Code   RO         2292    .ARM.Collect$$libshutdown$$00000000  c_w.l(libshutdown.o)
    0x000001c2   0x000001c2   0x00000000   Code   RO         2305    .ARM.Collect$$libshutdown$$00000002  c_w.l(libshutdown2.o)
    0x000001c2   0x000001c2   0x00000000   Code   RO         2307    .ARM.Collect$$libshutdown$$00000004  c_w.l(libshutdown2.o)
    0x000001c2   0x000001c2   0x00000000   Code   RO         2309    .ARM.Collect$$libshutdown$$00000006  c_w.l(libshutdown2.o)
    0x000001c2   0x000001c2   0x00000000   Code   RO         2312    .ARM.Collect$$libshutdown$$00000009  c_w.l(libshutdown2.o)
    0x000001c2   0x000001c2   0x00000000   Code   RO         2315    .ARM.Collect$$libshutdown$$0000000C  c_w.l(libshutdown2.o)
    0x000001c2   0x000001c2   0x00000000   Code   RO         2317    .ARM.Collect$$libshutdown$$0000000E  c_w.l(libshutdown2.o)
    0x000001c2   0x000001c2   0x00000000   Code   RO         2320    .ARM.Collect$$libshutdown$$00000011  c_w.l(libshutdown2.o)
    0x000001c2   0x000001c2   0x00000002   Code   RO         2321    .ARM.Collect$$libshutdown$$00000012  c_w.l(libshutdown2.o)
    0x000001c4   0x000001c4   0x00000000   Code   RO         2197    .ARM.Collect$$rtentry$$00000000  c_w.l(__rtentry.o)
    0x000001c4   0x000001c4   0x00000000   Code   RO         2199    .ARM.Collect$$rtentry$$00000002  c_w.l(__rtentry2.o)
    0x000001c4   0x000001c4   0x00000006   Code   RO         2211    .ARM.Collect$$rtentry$$00000004  c_w.l(__rtentry4.o)
    0x000001ca   0x000001ca   0x00000000   Code   RO         2201    .ARM.Collect$$rtentry$$00000009  c_w.l(__rtentry2.o)
    0x000001ca   0x000001ca   0x00000004   Code   RO         2202    .ARM.Collect$$rtentry$$0000000A  c_w.l(__rtentry2.o)
    0x000001ce   0x000001ce   0x00000000   Code   RO         2204    .ARM.Collect$$rtentry$$0000000C  c_w.l(__rtentry2.o)
    0x000001ce   0x000001ce   0x00000008   Code   RO         2205    .ARM.Collect$$rtentry$$0000000D  c_w.l(__rtentry2.o)
    0x000001d6   0x000001d6   0x00000002   Code   RO         2226    .ARM.Collect$$rtexit$$00000000  c_w.l(rtexit.o)
    0x000001d8   0x000001d8   0x00000000   Code   RO         2274    .ARM.Collect$$rtexit$$00000002  c_w.l(rtexit2.o)
    0x000001d8   0x000001d8   0x00000004   Code   RO         2275    .ARM.Collect$$rtexit$$00000003  c_w.l(rtexit2.o)
    0x000001dc   0x000001dc   0x00000006   Code   RO         2276    .ARM.Collect$$rtexit$$00000004  c_w.l(rtexit2.o)
    0x000001e2   0x000001e2   0x00000002   PAD
    0x000001e4   0x000001e4   0x00000026   Code   RO         2080    .emb_text           msp432p4xx_driverlib.lib(cpu.o)
    0x0000020a   0x0000020a   0x00000002   PAD
    0x0000020c   0x0000020c   0x00000134   Code   RO          233    .text               context_rvds.o
    0x00000340   0x00000340   0x0000003c   Code   RO         1627    .text               startup_msp432p401r_uvision.o
    0x0000037c   0x0000037c   0x00000048   Code   RO         2177    .text               c_w.l(strcpy.o)
    0x000003c4   0x000003c4   0x0000003e   Code   RO         2179    .text               c_w.l(strlen.o)
    0x00000402   0x00000402   0x00000096   Code   RO         2181    .text               c_w.l(strncmp.o)
    0x00000498   0x00000498   0x00000018   Code   RO         2183    .text               c_w.l(strcat.o)
    0x000004b0   0x000004b0   0x00000064   Code   RO         2185    .text               c_w.l(rt_memcpy_w.o)
    0x00000514   0x00000514   0x00000044   Code   RO         2187    .text               c_w.l(rt_memclr.o)
    0x00000558   0x00000558   0x0000004e   Code   RO         2189    .text               c_w.l(rt_memclr_w.o)
    0x000005a6   0x000005a6   0x00000056   Code   RO         2191    .text               c_w.l(strncpy.o)
    0x000005fc   0x000005fc   0x00000006   Code   RO         2193    .text               c_w.l(heapauxi.o)
    0x00000602   0x00000602   0x0000004a   Code   RO         2213    .text               c_w.l(sys_stackheap_outer.o)
    0x0000064c   0x0000064c   0x00000012   Code   RO         2215    .text               c_w.l(exit.o)
    0x0000065e   0x0000065e   0x00000002   PAD
    0x00000660   0x00000660   0x00000008   Code   RO         2223    .text               c_w.l(libspace.o)
    0x00000668   0x00000668   0x0000000c   Code   RO         2284    .text               c_w.l(sys_exit.o)
    0x00000674   0x00000674   0x00000002   Code   RO         2295    .text               c_w.l(use_no_semi.o)
    0x00000676   0x00000676   0x00000000   Code   RO         2297    .text               c_w.l(indicate_semi.o)
    0x00000676   0x00000676   0x0000000a   Code   RO          361    i.$Sub$$main        components.o
    0x00000680   0x00000680   0x000000fc   Code   RO         1687    i.CS_initClockSignal  msp432p4xx_driverlib.lib(cs.o)
    0x0000077c   0x0000077c   0x0000000c   Code   RO         1693    i.CS_setExternalClockSourceFrequency  msp432p4xx_driverlib.lib(cs.o)
    0x00000788   0x00000788   0x00000006   Code   RO         1696    i.CS_startHFXT      msp432p4xx_driverlib.lib(cs.o)
    0x0000078e   0x0000078e   0x00000002   PAD
    0x00000790   0x00000790   0x00000144   Code   RO         1697    i.CS_startHFXTWithTimeout  msp432p4xx_driverlib.lib(cs.o)
    0x000008d4   0x000008d4   0x0000002c   Code   RO         1767    i.FlashCtl_setWaitState  msp432p4xx_driverlib.lib(flash.o)
    0x00000900   0x00000900   0x00000020   Code   RO         1833    i.GPIO_setAsOutputPin  msp432p4xx_driverlib.lib(gpio.o)
    0x00000920   0x00000920   0x00000048   Code   RO         1834    i.GPIO_setAsPeripheralModuleFunctionInputPin  msp432p4xx_driverlib.lib(gpio.o)
    0x00000968   0x00000968   0x00000048   Code   RO         1835    i.GPIO_setAsPeripheralModuleFunctionOutputPin  msp432p4xx_driverlib.lib(gpio.o)
    0x000009b0   0x000009b0   0x00000014   Code   RO         1840    i.GPIO_toggleOutputOnPin  msp432p4xx_driverlib.lib(gpio.o)
    0x000009c4   0x000009c4   0x0000000e   Code   RO         1875    i.Interrupt_enableMaster  msp432p4xx_driverlib.lib(interrupt.o)
    0x000009d2   0x000009d2   0x00000002   PAD
    0x000009d4   0x000009d4   0x0000004c   Code   RO         1923    i.PCM_getCoreVoltageLevel  msp432p4xx_driverlib.lib(pcm.o)
    0x00000a20   0x00000a20   0x00000044   Code   RO         1926    i.PCM_getPowerMode  msp432p4xx_driverlib.lib(pcm.o)
    0x00000a64   0x00000a64   0x00000008   Code   RO         1935    i.PCM_setCoreVoltageLevel  msp432p4xx_driverlib.lib(pcm.o)
    0x00000a6c   0x00000a6c   0x00000010   Code   RO         2137    i.SysCtl_disableNMISource  msp432p4xx_driverlib.lib(sysctl.o)
    0x00000a7c   0x00000a7c   0x00000010   Code   RO         2142    i.SysCtl_enableNMISource  msp432p4xx_driverlib.lib(sysctl.o)
    0x00000a8c   0x00000a8c   0x0000000c   Code   RO         2147    i.SysCtl_getNMISourceStatus  msp432p4xx_driverlib.lib(sysctl.o)
    0x00000a98   0x00000a98   0x00000010   Code   RO          187    i.SysTick_Handler   board.o
    0x00000aa8   0x00000aa8   0x0000000e   Code   RO         1988    i.SysTick_enableInterrupt  msp432p4xx_driverlib.lib(systick.o)
    0x00000ab6   0x00000ab6   0x0000000e   Code   RO         1989    i.SysTick_enableModule  msp432p4xx_driverlib.lib(systick.o)
    0x00000ac4   0x00000ac4   0x0000000a   Code   RO         1993    i.SysTick_setPeriod  msp432p4xx_driverlib.lib(systick.o)
    0x00000ace   0x00000ace   0x00000002   PAD
    0x00000ad0   0x00000ad0   0x00000050   Code   RO          188    i.SystemClock_init  board.o
    0x00000b20   0x00000b20   0x0000006c   Code   RO         1635    i.SystemInit        system_msp432p401r.o
    0x00000b8c   0x00000b8c   0x0000000c   Code   RO         2014    i.UART_enableModule  msp432p4xx_driverlib.lib(uart.o)
    0x00000b98   0x00000b98   0x00000006   Code   RO         2016    i.UART_getInterruptStatus  msp432p4xx_driverlib.lib(uart.o)
    0x00000b9e   0x00000b9e   0x00000088   Code   RO         2019    i.UART_initModule   msp432p4xx_driverlib.lib(uart.o)
    0x00000c26   0x00000c26   0x0000001a   Code   RO         2021    i.UART_receiveData  msp432p4xx_driverlib.lib(uart.o)
    0x00000c40   0x00000c40   0x00000018   Code   RO         2028    i.UART_transmitData  msp432p4xx_driverlib.lib(uart.o)
    0x00000c58   0x00000c58   0x00000018   Code   RO         2057    i.WDT_A_holdTimer   msp432p4xx_driverlib.lib(wdt_a.o)
    0x00000c70   0x00000c70   0x00000026   Code   RO          189    i._SysTick_Config   board.o
    0x00000c96   0x00000c96   0x00000002   PAD
    0x00000c98   0x00000c98   0x00000100   Code   RO         1946    i.__PCM_setCoreVoltageLevelAdvanced  msp432p4xx_driverlib.lib(pcm.o)
    0x00000d98   0x00000d98   0x000000e4   Code   RO         1947    i.__PCM_setPowerModeAdvanced  msp432p4xx_driverlib.lib(pcm.o)
    0x00000e7c   0x00000e7c   0x0000004c   Code   RO          671    i.__rt_ffs          kservice.o
    0x00000ec8   0x00000ec8   0x0000006a   Code   RO         1454    i._msh_exec_cmd     msh.o
    0x00000f32   0x00000f32   0x00000002   PAD
    0x00000f34   0x00000f34   0x00000084   Code   RO         1070    i._rt_thread_init   thread.o
    0x00000fb8   0x00000fb8   0x00000042   Code   RO         1202    i._rt_timer_init    timer.o
    0x00000ffa   0x00000ffa   0x0000001c   Code   RO         1203    i._rt_timer_remove  timer.o
    0x00001016   0x00001016   0x0000001c   Code   RO         1071    i._thread_cleanup_execute  thread.o
    0x00001032   0x00001032   0x00000002   PAD
    0x00001034   0x00001034   0x000000fc   Code   RO          240    i.bus_fault_track   cpuport.o
    0x00001130   0x00001130   0x0000000e   Code   RO         1455    i.cmd_ps            msh.o
    0x0000113e   0x0000113e   0x00000002   PAD
    0x00001140   0x00001140   0x00000074   Code   RO         1533    i.finsh_get_prompt  shell.o
    0x000011b4   0x000011b4   0x00000008   Code   RO         1535    i.finsh_getchar     shell.o
    0x000011bc   0x000011bc   0x0000001c   Code   RO         1537    i.finsh_set_prompt_mode  shell.o
    0x000011d8   0x000011d8   0x00000014   Code   RO         1538    i.finsh_system_function_init  shell.o
    0x000011ec   0x000011ec   0x00000084   Code   RO         1539    i.finsh_system_init  shell.o
    0x00001270   0x00001270   0x000003c8   Code   RO         1541    i.finsh_thread_entry  shell.o
    0x00001638   0x00001638   0x00000080   Code   RO          241    i.hard_fault_track  cpuport.o
    0x000016b8   0x000016b8   0x00000020   Code   RO         1314    i.hello             cmd.o
    0x000016d8   0x000016d8   0x00000068   Code   RO         1315    i.list              cmd.o
    0x00001740   0x00001740   0x0000002a   Code   RO         1316    i.list_find_init    cmd.o
    0x0000176a   0x0000176a   0x00000088   Code   RO         1317    i.list_get_next     cmd.o
    0x000017f2   0x000017f2   0x00000002   PAD
    0x000017f4   0x000017f4   0x0000015c   Code   RO         1318    i.list_mailbox      cmd.o
    0x00001950   0x00001950   0x00000138   Code   RO         1319    i.list_sem          cmd.o
    0x00001a88   0x00001a88   0x000001e4   Code   RO         1320    i.list_thread       cmd.o
    0x00001c6c   0x00001c6c   0x00000160   Code   RO         1321    i.list_timer        cmd.o
    0x00001dcc   0x00001dcc   0x00000034   Code   RO            4    i.main              main.o
    0x00001e00   0x00001e00   0x0000000e   Code   RO          362    i.main_thread_entry  components.o
    0x00001e0e   0x00001e0e   0x00000002   PAD
    0x00001e10   0x00001e10   0x000000e8   Code   RO          242    i.mem_manage_fault_track  cpuport.o
    0x00001ef8   0x00001ef8   0x000000a0   Code   RO         1456    i.msh_auto_complete  msh.o
    0x00001f98   0x00001f98   0x0000006c   Code   RO         1457    i.msh_exec          msh.o
    0x00002004   0x00002004   0x0000005c   Code   RO         1458    i.msh_get_cmd       msh.o
    0x00002060   0x00002060   0x00000080   Code   RO         1459    i.msh_help          msh.o
    0x000020e0   0x000020e0   0x00000004   Code   RO         1460    i.msh_is_used       msh.o
    0x000020e4   0x000020e4   0x000000f0   Code   RO         1461    i.msh_split         msh.o
    0x000021d4   0x000021d4   0x0000001c   Code   RO         1322    i.object_split      cmd.o
    0x000021f0   0x000021f0   0x00000198   Code   RO          673    i.print_number      kservice.o
    0x00002388   0x00002388   0x00000040   Code   RO          363    i.rt_application_init  components.o
    0x000023c8   0x000023c8   0x0000001c   Code   RO          364    i.rt_components_board_init  components.o
    0x000023e4   0x000023e4   0x0000001c   Code   RO          365    i.rt_components_init  components.o
    0x00002400   0x00002400   0x00000020   Code   RO          974    i.rt_enter_critical  scheduler.o
    0x00002420   0x00002420   0x00000044   Code   RO          975    i.rt_exit_critical  scheduler.o
    0x00002464   0x00002464   0x00000018   Code   RO          190    i.rt_hw_board_init  board.o
    0x0000247c   0x0000247c   0x00000020   Code   RO         1430    i.rt_hw_console_getchar  finsh_port.o
    0x0000249c   0x0000249c   0x0000002c   Code   RO          675    i.rt_hw_console_output  kservice.o
    0x000024c8   0x000024c8   0x0000022c   Code   RO          246    i.rt_hw_hard_fault_exception  cpuport.o
    0x000026f4   0x000026f4   0x00000050   Code   RO          247    i.rt_hw_stack_init  cpuport.o
    0x00002744   0x00002744   0x00000020   Code   RO          632    i.rt_interrupt_enter  irq.o
    0x00002764   0x00002764   0x00000020   Code   RO          634    i.rt_interrupt_leave  irq.o
    0x00002784   0x00002784   0x00000010   Code   RO          507    i.rt_ipc_object_init  ipc.o
    0x00002794   0x00002794   0x00000030   Code   RO          676    i.rt_kprintf        kservice.o
    0x000027c4   0x000027c4   0x00000006   Code   RO          508    i.rt_list_init      ipc.o
    0x000027ca   0x000027ca   0x00000006   Code   RO          976    i.rt_list_init      scheduler.o
    0x000027d0   0x000027d0   0x00000006   Code   RO         1204    i.rt_list_init      timer.o
    0x000027d6   0x000027d6   0x0000000e   Code   RO         1072    i.rt_list_insert_after  thread.o
    0x000027e4   0x000027e4   0x0000000e   Code   RO         1205    i.rt_list_insert_after  timer.o
    0x000027f2   0x000027f2   0x00000010   Code   RO         1206    i.rt_list_isempty   timer.o
    0x00002802   0x00002802   0x00000010   Code   RO         1323    i.rt_list_isempty   cmd.o
    0x00002812   0x00002812   0x00000014   Code   RO         1324    i.rt_list_len       cmd.o
    0x00002826   0x00002826   0x00000012   Code   RO         1073    i.rt_list_remove    thread.o
    0x00002838   0x00002838   0x00000012   Code   RO         1207    i.rt_list_remove    timer.o
    0x0000284a   0x0000284a   0x00000042   Code   RO          680    i.rt_memmove        kservice.o
    0x0000288c   0x0000288c   0x00000048   Code   RO          681    i.rt_memset         kservice.o
    0x000028d4   0x000028d4   0x0000002c   Code   RO          896    i.rt_object_detach  object.o
    0x00002900   0x00002900   0x00000028   Code   RO          898    i.rt_object_get_information  object.o
    0x00002928   0x00002928   0x00000060   Code   RO          902    i.rt_object_init    object.o
    0x00002988   0x00002988   0x00000012   Code   RO          903    i.rt_object_is_systemobject  object.o
    0x0000299a   0x0000299a   0x00000002   PAD
    0x0000299c   0x0000299c   0x00000084   Code   RO          977    i.rt_schedule       scheduler.o
    0x00002a20   0x00002a20   0x00000050   Code   RO          978    i.rt_schedule_insert_thread  scheduler.o
    0x00002a70   0x00002a70   0x00000054   Code   RO          979    i.rt_schedule_remove_thread  scheduler.o
    0x00002ac4   0x00002ac4   0x00000026   Code   RO          519    i.rt_sem_init       ipc.o
    0x00002aea   0x00002aea   0x00000002   PAD
    0x00002aec   0x00002aec   0x000000b0   Code   RO          683    i.rt_show_version   kservice.o
    0x00002b9c   0x00002b9c   0x00000034   Code   RO          690    i.rt_strncpy        kservice.o
    0x00002bd0   0x00002bd0   0x0000004c   Code   RO          980    i.rt_system_scheduler_init  scheduler.o
    0x00002c1c   0x00002c1c   0x00000030   Code   RO          981    i.rt_system_scheduler_start  scheduler.o
    0x00002c4c   0x00002c4c   0x0000001c   Code   RO         1208    i.rt_system_timer_init  timer.o
    0x00002c68   0x00002c68   0x00000002   Code   RO         1209    i.rt_system_timer_thread_init  timer.o
    0x00002c6a   0x00002c6a   0x0000000c   Code   RO         1075    i.rt_thread_delay   thread.o
    0x00002c76   0x00002c76   0x00000002   PAD
    0x00002c78   0x00002c78   0x00000058   Code   RO         1078    i.rt_thread_exit    thread.o
    0x00002cd0   0x00002cd0   0x00000008   Code   RO          460    i.rt_thread_idle_entry  idle.o
    0x00002cd8   0x00002cd8   0x00000002   Code   RO          461    i.rt_thread_idle_excute  idle.o
    0x00002cda   0x00002cda   0x00000002   PAD
    0x00002cdc   0x00002cdc   0x0000003c   Code   RO          463    i.rt_thread_idle_init  idle.o
    0x00002d18   0x00002d18   0x00000034   Code   RO         1080    i.rt_thread_init    thread.o
    0x00002d4c   0x00002d4c   0x0000003c   Code   RO         1082    i.rt_thread_resume  thread.o
    0x00002d88   0x00002d88   0x0000000c   Code   RO         1083    i.rt_thread_self    thread.o
    0x00002d94   0x00002d94   0x00000044   Code   RO         1084    i.rt_thread_sleep   thread.o
    0x00002dd8   0x00002dd8   0x0000002c   Code   RO         1085    i.rt_thread_startup  thread.o
    0x00002e04   0x00002e04   0x00000044   Code   RO         1086    i.rt_thread_suspend  thread.o
    0x00002e48   0x00002e48   0x00000020   Code   RO         1087    i.rt_thread_timeout  thread.o
    0x00002e68   0x00002e68   0x00000064   Code   RO         1088    i.rt_thread_yield   thread.o
    0x00002ecc   0x00002ecc   0x0000000c   Code   RO          313    i.rt_tick_get       clock.o
    0x00002ed8   0x00002ed8   0x00000030   Code   RO          314    i.rt_tick_increase  clock.o
    0x00002f08   0x00002f08   0x000000a4   Code   RO         1210    i.rt_timer_check    timer.o
    0x00002fac   0x00002fac   0x00000062   Code   RO         1211    i.rt_timer_control  timer.o
    0x0000300e   0x0000300e   0x00000028   Code   RO         1212    i.rt_timer_detach   timer.o
    0x00003036   0x00003036   0x0000002e   Code   RO         1213    i.rt_timer_init     timer.o
    0x00003064   0x00003064   0x000000ec   Code   RO         1216    i.rt_timer_start    timer.o
    0x00003150   0x00003150   0x00000030   Code   RO         1217    i.rt_timer_stop     timer.o
    0x00003180   0x00003180   0x00000340   Code   RO          693    i.rt_vsnprintf      kservice.o
    0x000034c0   0x000034c0   0x00000004   Code   RO          366    i.rti_board_end     components.o
    0x000034c4   0x000034c4   0x00000004   Code   RO          367    i.rti_board_start   components.o
    0x000034c8   0x000034c8   0x00000004   Code   RO          368    i.rti_end           components.o
    0x000034cc   0x000034cc   0x00000004   Code   RO          369    i.rti_start         components.o
    0x000034d0   0x000034d0   0x0000002a   Code   RO          370    i.rtthread_startup  components.o
    0x000034fa   0x000034fa   0x00000002   PAD
    0x000034fc   0x000034fc   0x00000038   Code   RO         1542    i.shell_auto_complete  shell.o
    0x00003534   0x00003534   0x00000030   Code   RO         1325    i.show_wait_queue   cmd.o
    0x00003564   0x00003564   0x00000026   Code   RO          695    i.skip_atoi         kservice.o
    0x0000358a   0x0000358a   0x00000020   Code   RO         1462    i.str_common        msh.o
    0x000035aa   0x000035aa   0x00000002   PAD
    0x000035ac   0x000035ac   0x00000034   Code   RO          191    i.uart_init         board.o
    0x000035e0   0x000035e0   0x000000e8   Code   RO          248    i.usage_fault_track  cpuport.o
    0x000036c8   0x000036c8   0x0000000a   Code   RO         1326    i.version           cmd.o
    0x000036d2   0x000036d2   0x0000000a   Code   RO         2282    x$fpl$fpinit        fz_wm.l(fpinit.o)
    0x000036dc   0x000036dc   0x00000024   Data   RO          192    .constdata          board.o
    0x00003700   0x00003700   0x00000122   Data   RO          697    .constdata          kservice.o
    0x00003822   0x00003822   0x00000002   PAD
    0x00003824   0x00003824   0x00000044   Data   RO         1327    .conststring        cmd.o
    0x00003868   0x00003868   0x000001a7   Data   RO         1328    .rodata.name        cmd.o
    0x00003a0f   0x00003a0f   0x00000046   Data   RO         1463    .rodata.name        msh.o
    0x00003a55   0x00003a55   0x00000003   PAD
    0x00003a58   0x00003a58   0x00000004   Data   RO          372    .rti_fn.0           components.o
    0x00003a5c   0x00003a5c   0x00000004   Data   RO          373    .rti_fn.0.end       components.o
    0x00003a60   0x00003a60   0x00000004   Data   RO          374    .rti_fn.1.end       components.o
    0x00003a64   0x00003a64   0x00000004   Data   RO         1545    .rti_fn.6           shell.o
    0x00003a68   0x00003a68   0x00000004   Data   RO          375    .rti_fn.6.end       components.o
    0x00003a6c   0x00003a6c   0x00000090   Data   RO         1329    FSymTab             cmd.o
    0x00003afc   0x00003afc   0x00000018   Data   RO         1464    FSymTab             msh.o
    0x00003b14   0x00003b14   0x00000020   Data   RO         2352    Region$$Table       anon$$obj.o


    Execution Region RW_IRAM1 (Exec base: 0x20000000, Load base: 0x00003b34, Size: 0x00000c98, Max: 0x00010000, ABSOLUTE)

    Exec Addr    Load Addr    Size         Type   Attr      Idx    E Section Name        Object

    0x20000000   0x00003b34   0x00000010   Data   RW          249    .data               cpuport.o
    0x20000010   0x00003b44   0x00000004   Data   RW          316    .data               clock.o
    0x20000014   0x00003b48   0x00000001   Data   RW          635    .data               irq.o
    0x20000015   0x00003b49   0x00000003   PAD
    0x20000018   0x00003b4c   0x00000040   Data   RW          905    .data               object.o
    0x20000058   0x00003b8c   0x00000018   Data   RW          983    .data               scheduler.o
    0x20000070   0x00003ba4   0x0000000c   Data   RW         1218    .data               timer.o
    0x2000007c   0x00003bb0   0x00000018   Data   RW         1544    .data               shell.o
    0x20000094   0x00003bc8   0x00000008   Data   RW         1703    .data               msp432p4xx_driverlib.lib(cs.o)
    0x2000009c   0x00003bd0   0x00000030   Data   RW         1843    .data               msp432p4xx_driverlib.lib(gpio.o)
    0x200000cc   0x00003c00   0x00000004   PAD
    0x200000d0        -       0x00000178   Zero   RW          371    .bss                components.o
    0x20000248        -       0x000000f8   Zero   RW          464    .bss                idle.o
    0x20000340        -       0x00000080   Zero   RW          696    .bss                kservice.o
    0x200003c0        -       0x00000100   Zero   RW          982    .bss                scheduler.o
    0x200004c0        -       0x00000571   Zero   RW         1543    .bss                shell.o
    0x20000a31   0x00003c00   0x00000003   PAD
    0x20000a34        -       0x00000060   Zero   RW         2224    .bss                c_w.l(libspace.o)
    0x20000a94   0x00003c00   0x00000004   PAD
    0x20000a98        -       0x00000000   Zero   RW         1625    HEAP                startup_msp432p401r_uvision.o
    0x20000a98        -       0x00000200   Zero   RW         1624    STACK               startup_msp432p401r_uvision.o



  Load Region LR_IROM2 (Base: 0x00200000, Size: 0x00000000, Max: 0x00004000, ABSOLUTE)

    Execution Region ER_IROM2 (Exec base: 0x00200000, Load base: 0x00200000, Size: 0x00000000, Max: 0x00004000, ABSOLUTE)

    **** No section assigned to this execution region ****


==============================================================================

Image component sizes


      Code (inc. data)   RO Data    RW Data    ZI Data      Debug   Object Name

       210         14         36          0          0       2565   board.o
        60         12          0          4          0       1173   clock.o
      1932        656        635          0          0      15153   cmd.o
       202         36         16          0        376       5916   components.o
       308         28          0          0          0        820   context_rvds.o
      1480        738          0         16          0       6314   cpuport.o
        32          4          0          0          0        588   finsh_port.o
        70         22          0          0        248       2034   idle.o
        60          0          0          0          0       4562   ipc.o
        64         12          0          1          0       1518   irq.o
      1812        170        290          0        128       9536   kservice.o
        52          6          0          0          0      15413   main.o
       884        162         94          0          0       8441   msh.o
       198          4          0         64          0       6136   object.o
       526         90          0         24        256       8358   scheduler.o
      1328        138          4         24       1393      10267   shell.o
        60         22        324          0        512        920   startup_msp432p401r_uvision.o
       108         22          0          0          0        525   system_msp432p401r.o
       728         38          0          0          0      11380   thread.o
       810         24          0         12          0      11556   timer.o

    ----------------------------------------------------------------------
     10948       2198       1436        148       2916     123175   Object Totals
         0          0         32          0          0          0   (incl. Generated)
        24          0          5          3          3          0   (incl. Padding)

    ----------------------------------------------------------------------

      Code (inc. data)   RO Data    RW Data    ZI Data      Debug   Library Member Name

         8          0          0          0          0         68   __main.o
         0          0          0          0          0          0   __rtentry.o
        12          0          0          0          0          0   __rtentry2.o
         6          0          0          0          0          0   __rtentry4.o
        52          8          0          0          0          0   __scatter.o
        26          0          0          0          0          0   __scatter_copy.o
        28          0          0          0          0          0   __scatter_zi.o
        18          0          0          0          0         80   exit.o
         6          0          0          0          0        152   heapauxi.o
         0          0          0          0          0          0   indicate_semi.o
         2          0          0          0          0          0   libinit.o
         6          0          0          0          0          0   libinit2.o
         2          0          0          0          0          0   libshutdown.o
         2          0          0          0          0          0   libshutdown2.o
         8          4          0          0         96         68   libspace.o
        68          0          0          0          0         68   rt_memclr.o
        78          0          0          0          0         80   rt_memclr_w.o
       100          0          0          0          0         80   rt_memcpy_w.o
         2          0          0          0          0          0   rtexit.o
        10          0          0          0          0          0   rtexit2.o
        24          0          0          0          0         68   strcat.o
        72          0          0          0          0         80   strcpy.o
        62          0          0          0          0         76   strlen.o
       150          0          0          0          0         80   strncmp.o
        86          0          0          0          0         76   strncpy.o
        12          4          0          0          0         68   sys_exit.o
        74          0          0          0          0         80   sys_stackheap_outer.o
         2          0          0          0          0         68   use_no_semi.o
        10          0          0          0          0        116   fpinit.o
        38          0          0          0          0        196   cpu.o
       594         96          0          8          0        500   cs.o
        44          6          0          0          0        116   flash.o
       196         20          0         48          0        464   gpio.o
        14          0          0          0          0        124   interrupt.o
       636        114          0          0          0        636   pcm.o
        44         16          0          0          0        348   sysctl.o
        38          0          0          0          0        348   systick.o
       204          0          0          0          0        596   uart.o
        24          6          0          0          0        116   wdt_a.o

    ----------------------------------------------------------------------
      2772        274          0         56        104       4752   Library Totals
        14          0          0          0          8          0   (incl. Padding)

    ----------------------------------------------------------------------

      Code (inc. data)   RO Data    RW Data    ZI Data      Debug   Library Name

       916         16          0          0         96       1192   c_w.l
        10          0          0          0          0        116   fz_wm.l
      1832        258          0         56          0       3444   msp432p4xx_driverlib.lib

    ----------------------------------------------------------------------
      2772        274          0         56        104       4752   Library Totals

    ----------------------------------------------------------------------

==============================================================================


      Code (inc. data)   RO Data    RW Data    ZI Data      Debug   

     13720       2472       1436        204       3020     114155   Grand Totals
     13720       2472       1436        204       3020     114155   ELF Image Totals
     13720       2472       1436        204          0          0   ROM Totals

==============================================================================

    Total RO  Size (Code + RO Data)                15156 (  14.80kB)
    Total RW  Size (RW Data + ZI Data)              3224 (   3.15kB)
    Total ROM Size (Code + RO Data + RW Data)      15360 (  15.00kB)

==============================================================================

